// Jest Snapshot v1, https://goo.gl/fbAQLP

exports[`Input should render Input with styles 1`] = `
<DocumentFragment>
  <input
    class="resize-none border border-gray-300 rounded-md p-2 flex-shrink-0 focus:outline-none focus:ring-2 focus:ring-blue-500"
    value="Text"
  />
</DocumentFragment>
`;
